2026-10-01 14:35:32 [INFO] ==============================================================================
2026-10-01 14:35:32 [INFO] Jeon2019 阶段 01（修正版）：Fresnel 传播基线
2026-10-01 14:35:32 [INFO] 项目根目录（由 __file__ 解析）：D:\PyCharmProjects\Jeon2019\outputs\jeon2019_optics
2026-10-01 14:35:32 [INFO] 调用时工作目录：D:\PyCharmProjects\Jeon2019
2026-10-01 14:35:32 [INFO] 解释器：D:\dev\python\python3.10.4\python.exe
2026-10-01 14:35:32 [INFO] numpy 2.2.6 / scipy 1.15.3 / matplotlib 3.10.9
2026-10-01 14:35:32 [INFO] matplotlib 后端：Agg；中文字体：Microsoft YaHei
2026-10-01 14:35:32 [INFO] 结果目录：（--no-save：不写任何文件）
2026-10-01 14:35:32 [INFO] ==============================================================================
2026-10-01 14:35:32 [INFO] 【B】N=48，Δx′=40 μm，M=96：FFT vs 完整核求和 rel L2=1.0797e-13；原生全输出功率相对误差=6.6613e-15（P_out/P_in=1.000000000000）；耗时 0.001/0.001 s
2026-10-01 14:35:32 [INFO] 【B】N=24，Δx′=10 μm，M=48：FFT vs 完整核求和 rel L2=1.6779e-14；原生全输出功率相对误差=8.8818e-16（P_out/P_in=1.000000000000）；耗时 0.000/0.000 s
2026-10-01 14:35:32 [INFO] 【B】N=64，Δx′=5 μm，M=256：FFT vs 完整核求和 rel L2=2.5219e-13；原生全输出功率相对误差=2.1538e-14（P_out/P_in=1.000000000000）；耗时 0.008/0.002 s
2026-10-01 14:35:32 [INFO] ------------------------------------------------------------------------------
2026-10-01 14:35:32 [INFO] 验收 airy_first_dark_ring_rel_err     阈值 0.02  实测 未执行  → not_run
2026-10-01 14:35:32 [INFO] 验收 airy_line_L1_vs_analytic         阈值 0.01  实测 未执行  → not_run
2026-10-01 14:35:32 [INFO] 验收 discrete_identity_rel_L2         阈值 0  实测 未执行  → not_run
2026-10-01 14:35:32 [INFO] 验收 native_fft_parseval_rel_err      阈值 1e-10  实测 未执行  → not_run
2026-10-01 14:35:32 [INFO] 验收 window_energy_abs_diff           阈值 0.05  实测 未执行  → not_run
2026-10-01 14:35:32 [INFO] 验收 sampling_padding_L1              阈值 0.02  实测 未执行  → not_run
2026-10-01 14:35:32 [INFO] 总体状态：partial；退出码 0；未运行组：airy, energy, sampling
2026-10-01 14:35:32 [INFO] 结果目录：（未落盘）
2026-10-01 14:35:32 [INFO] 阶段 01（修正版）结束，停止，不进入阶段 02。
D:\PyCharmProjects\Jeon2019\outputs\jeon2019_optics\main.py:493: UserWarning: Glyph 8321 (\N{SUBSCRIPT ONE}) missing from font(s) Microsoft YaHei.
  fig.tight_layout()
