2026-10-01 19:59:08 [INFO] ==============================================================================
2026-10-01 19:59:08 [INFO] Jeon2019 阶段 01（第二轮修正版）：Fresnel 传播基线
2026-10-01 19:59:08 [INFO] 项目根目录（由 __file__ 解析）：D:\PyCharmProjects\Jeon2019\outputs\jeon2019_optics
2026-10-01 19:59:08 [INFO] 调用时工作目录：D:\PyCharmProjects\Jeon2019\outputs\jeon2019_optics
2026-10-01 19:59:08 [INFO] 解释器：D:\dev\python\python3.10.4\python.exe
2026-10-01 19:59:08 [INFO] numpy 2.2.6 / scipy 1.15.3 / matplotlib 3.10.9
2026-10-01 19:59:08 [INFO] 最终设置：show_plots=False（来源：默认 false）；save_results=True（来源：配置 runtime.save_results=True）
2026-10-01 19:59:08 [INFO] matplotlib 后端：Agg；中文字体：Microsoft YaHei
2026-10-01 19:59:08 [INFO] 结果目录：D:\PyCharmProjects\Jeon2019\outputs\jeon2019_optics\results\stage01\run_20261001_195908
2026-10-01 19:59:08 [INFO] ==============================================================================
2026-10-01 19:59:08 [INFO] 【A】D=0.1 mm，f=50 mm，λ=550 nm；N_F=D²/(4λf)=0.0909091（**不是** Airy 适用条件）
2026-10-01 19:59:08 [INFO] 【A】输入 1201×1201，Δx′=0.5 μm（孔径半径 50 μm → 100.0 样点）；输出 1119 点，间距 3 μm（111.8 样点/暗环）
2026-10-01 19:59:08 [INFO] 【A】采样诊断：输入二次相位步进 0.2259 rad，交叉项步进 0.1916 rad，合计 0.2259 rad（阈值 0.50）→ ok=True
2026-10-01 19:59:08 [INFO] 【A】高阶光程误差：ρ_max=2796 μm → 精确 6.970535e-01 rad（四次近似 6.981429e-01 rad），容忍度 0.10 rad
2026-10-01 19:59:08 [INFO] 【A】中心截线：L1=3.9143e-04；第一暗环实测 336.0092 μm / 理论 335.4092 μm，相对误差 +1.7889e-03（耗时 0.07 s）
2026-10-01 19:59:08 [INFO] 【能量·A_D0.1mm_f50mm】完整位移核有限窗口 657×657；非零输入 (201, 201)；Δout=8.385 μm；Pdisk/Pin=0.959389481，解析=0.959405366，差=1.589e-05（0.07 s）
2026-10-01 19:59:10 [INFO] 【A】D=0.2 mm，f=25 mm，λ=550 nm；N_F=D²/(4λf)=0.727273（**不是** Airy 适用条件）
2026-10-01 19:59:10 [INFO] 【A】输入 1201×1201，Δx′=0.5 μm（孔径半径 100 μm → 200.0 样点）；输出 1049 点，间距 0.8 μm（104.8 样点/暗环）
2026-10-01 19:59:10 [INFO] 【A】采样诊断：输入二次相位步进 0.1644 rad，交叉项步进 0.09579 rad，合计 0.1644 rad（阈值 0.50）→ ok=True
2026-10-01 19:59:10 [INFO] 【A】高阶光程误差：ρ_max=1017 μm → 精确 9.775865e-02 rad（四次近似 9.783956e-02 rad），容忍度 0.10 rad
2026-10-01 19:59:10 [INFO] 【A】中心截线：L1=2.1338e-04；第一暗环实测 84.0123 μm / 理论 83.8523 μm，相对误差 +1.9084e-03（耗时 0.05 s）
2026-10-01 19:59:10 [INFO] 【能量·A_D0.2mm_f25mm】完整位移核有限窗口 657×657；非零输入 (401, 401)；Δout=2.096 μm；Pdisk/Pin=0.959376759，解析=0.959405366，差=2.861e-05（0.08 s）
2026-10-01 19:59:12 [INFO] 【A】D=1 mm，f=50 mm，λ=550 nm；N_F=D²/(4λf)=9.09091（**不是** Airy 适用条件）
2026-10-01 19:59:12 [INFO] 【A】输入 2401×2401，Δx′=1 μm（孔径半径 500 μm → 500.0 样点）；输出 959 点，间距 0.35 μm（95.8 样点/暗环）
2026-10-01 19:59:12 [INFO] 【A】采样诊断：输入二次相位步进 0.3126 rad，交叉项步进 0.03832 rad，合计 0.3126 rad（阈值 0.50）→ ok=True
2026-10-01 19:59:12 [INFO] 【A】高阶光程误差：ρ_max=1934 μm → 精确 1.597797e-01 rad（四次近似 1.598992e-01 rad），容忍度 0.10 rad
2026-10-01 19:59:12 [INFO] 【A】中心截线：L1=4.8191e-05；第一暗环实测 33.6109 μm / 理论 33.5409 μm，相对误差 +2.0877e-03（耗时 0.10 s）
2026-10-01 19:59:12 [INFO] 【能量·A_D1.0mm_f50mm】完整位移核有限窗口 657×657；非零输入 (1001, 1001)；Δout=0.8385 μm；Pdisk/Pin=0.959384258，解析=0.959405366，差=2.111e-05（0.18 s）
2026-10-01 19:59:18 [INFO] 【B】N=48，Δx′=40 μm，M=96：FFT vs 完整核求和 rel L2=1.0743e-13；原生全输出功率相对误差=6.6613e-15（P_out/P_in=1.000000000000）；耗时 0.003/0.001 s
2026-10-01 19:59:18 [INFO] 【B】N=24，Δx′=10 μm，M=48：FFT vs 完整核求和 rel L2=1.6990e-14；原生全输出功率相对误差=8.8818e-16（P_out/P_in=1.000000000000）；耗时 0.000/0.001 s
2026-10-01 19:59:18 [INFO] 【B】N=64，Δx′=5 μm，M=256：FFT vs 完整核求和 rel L2=2.5165e-13；原生全输出功率相对误差=2.1538e-14（P_out/P_in=1.000000000000）；耗时 0.007/0.002 s
2026-10-01 19:59:18 [INFO] 【C1】非对称输入 N=48，Δx′=40 μm，M=96：P_in=2.372569889894e-07，P_out=2.372569889894e-07，相对误差=6.6613e-15（主判据，目标 ≤1e-10）
2026-10-01 19:59:18 [INFO] 【C1】非对称输入 N=64，Δx′=5 μm，M=256：P_in=6.592655791279e-09，P_out=6.592655791279e-09，相对误差=2.1538e-14（主判据，目标 ≤1e-10）
2026-10-01 19:59:19 [INFO] 【能量·C2_direct20_R4r1】完整位移核有限窗口 329×329；非零输入 (1001, 1001)；Δout=1.677 μm；Pdisk/Pin=0.959359057，解析=0.959405366，差=4.631e-05（0.12 s）
2026-10-01 19:59:19 [INFO] 【能量·C2_direct40_R4r1】完整位移核有限窗口 657×657；非零输入 (1001, 1001)；Δout=0.8385 μm；Pdisk/Pin=0.959384258，解析=0.959405366，差=2.111e-05（0.17 s）
2026-10-01 19:59:20 [INFO] 【D】公共输出网格：673×673，间距 2 μm，半宽 670.8 μm（= 2.00·r1，r1=335.4 μm）
2026-10-01 19:59:20 [INFO] 【D1】输入采样 dx2.0um：N=201，Δx′=2 μm，P_in=7.8440000000e-09，孔径离散面积=7.844000e-09 （理想 πD²/4=7.853982e-09，相对差 -1.271e-03），中心截线 L1=1.6786e-03
2026-10-01 19:59:20 [INFO] 【D1】输入采样 dx1.0um：N=401，Δx′=1 μm，P_in=7.8450000000e-09，孔径离散面积=7.845000e-09 （理想 πD²/4=7.853982e-09，相对差 -1.144e-03），中心截线 L1=8.4165e-04
2026-10-01 19:59:20 [INFO] 【D1】输入采样 dx0.5um：N=801，Δx′=0.5 μm，P_in=7.8542500000e-09，孔径离散面积=7.854250e-09 （理想 πD²/4=7.853982e-09，相对差 +3.417e-05），中心截线 L1=2.9515e-04
2026-10-01 19:59:20 [INFO] 【D1】dx2.0um->dx1.0um：原始强度相对 L1=3.670847e-03（反向 3.672762e-03），形状 L1=3.695921e-03，复场相对 L2=5.741755e-03（目标 ≤0.02）
2026-10-01 19:59:20 [INFO] 【D1】dx1.0um->dx0.5um：原始强度相对 L1=2.606085e-03（反向 2.609721e-03），形状 L1=1.892266e-03，复场相对 L2=2.616823e-03（目标 ≤0.02）
2026-10-01 19:59:20 [INFO] 【D2】固定输入：N=401，Δx′=1 μm，P_in=7.8450000000e-09；公共坐标参考由完整核（可分离等价形式）直接求值，不插值复相位
2026-10-01 19:59:20 [INFO] 【D2】M1024：M=1024，原生输出 1024 点，原生间距 26.86 μm（公式 26.86 μm，一致=True）；离散恒等 rel L2=1.5566e-11；功率误差=1.0325e-14；公共网格原始强度 L1=8.927749e-03（目标 ≤0.02）；形状 L1=8.9465e-03；窗口通量偏差 +3.708e-05；剔除越界点 0
2026-10-01 19:59:21 [INFO] 【D2】M2048：M=2048，原生输出 2048 点，原生间距 13.43 μm（公式 13.43 μm，一致=True）；离散恒等 rel L2=1.5568e-11；功率误差=9.6589e-15；公共网格原始强度 L1=2.240214e-03（目标 ≤0.02）；形状 L1=2.2449e-03；窗口通量偏差 +9.267e-06；剔除越界点 0
2026-10-01 19:59:21 [INFO] 【D2】M1024 vs M2048：公共网格上两者的原始强度 L1=6.766612e-03，形状 L1=6.7807e-03（452929 点）
2026-10-01 19:59:21 [INFO] 【D3】identity_N48_dx40um_M96：N=48，Δx′=40 μm，M=96 → FFT vs 完整核 rel L2=1.0743e-13；功率误差=6.6613e-15
2026-10-01 19:59:21 [INFO] 【D3】identity_N24_dx10um_M48：N=24，Δx′=10 μm，M=48 → FFT vs 完整核 rel L2=1.6990e-14；功率误差=8.8818e-16
2026-10-01 19:59:21 [INFO] 【D3】identity_N64_dx5um_M256：N=64，Δx′=5 μm，M=256 → FFT vs 完整核 rel L2=2.5165e-13；功率误差=2.1538e-14
2026-10-01 19:59:23 [INFO] 【S1】N24_dx10um_M48：relL2(red·e^{iq}, full)=5.1238e-14；relL2(red, full·e^{−iq})=5.1239e-14；强度相对差=2.6326e-16；反例（补两次相位）=1.4052e+00
2026-10-01 19:59:23 [INFO] 【S1】nonsquare_20x26_dx8_dy15：relL2(red·e^{iq}, full)=3.2371e-14；relL2(red, full·e^{−iq})=3.2371e-14；强度相对差=2.9102e-16；反例（补两次相位）=1.3996e+00
2026-10-01 19:59:23 [INFO] 【S1】N24_no_global_phase：relL2(red·e^{iq}, full)=5.1238e-14；relL2(red, full·e^{−iq})=5.1242e-14；强度相对差=1.7705e-16；反例（补两次相位）=1.4052e+00
2026-10-01 19:59:23 [INFO] ------------------------------------------------------------------------------
2026-10-01 19:59:23 [INFO] 验收 airy_cases_complete              阈值 0  实测 0.000000e+00  → pass
2026-10-01 19:59:23 [INFO] 验收 airy_first_dark_ring_rel_err     阈值 0.02  实测 2.087683e-03  → pass
2026-10-01 19:59:23 [INFO] 验收 airy_line_L1_vs_analytic         阈值 0.01  实测 3.914337e-04  → pass
2026-10-01 19:59:23 [INFO] 验收 discrete_identity_rel_L2         阈值 1e-06  实测 2.516476e-13  → pass
2026-10-01 19:59:23 [INFO] 验收 native_fft_parseval_rel_err      阈值 1e-10  实测 2.153833e-14  → pass
2026-10-01 19:59:23 [INFO] 验收 energy_absolute_abs_diff         阈值 0.005  实测 4.630876e-05  → pass
2026-10-01 19:59:23 [INFO] 验收 input_sampling_intensity_L1      阈值 0.02  实测 2.606085e-03  → pass
2026-10-01 19:59:23 [INFO] 验收 padding_sampling_intensity_L1    阈值 0.02  实测 2.240214e-03  → pass
2026-10-01 19:59:23 [INFO] 验收 energy_windows_valid             阈值 0  实测 0.000000e+00  → pass
2026-10-01 19:59:23 [INFO] 验收 energy_grid_stable               阈值 0  实测 0.000000e+00  → pass
2026-10-01 19:59:23 [INFO] 验收 padding_windows_valid            阈值 0  实测 0.000000e+00  → pass
2026-10-01 19:59:23 [INFO] 验收 padding_finer_not_worse          阈值 0  实测 0.000000e+00  → pass
2026-10-01 19:59:23 [INFO] 验收 airy_absolute_energy             阈值 0.005  实测 2.860730e-05  → pass
2026-10-01 19:59:23 [INFO] 验收 phase_representation_relL2       阈值 1e-10  实测 5.124216e-14  → pass
2026-10-01 19:59:23 [INFO] 总体状态：pass；退出码 0；未运行组：无
2026-10-01 19:59:23 [INFO] 结果目录：D:\PyCharmProjects\Jeon2019\outputs\jeon2019_optics\results\stage01\run_20261001_195908
2026-10-01 19:59:23 [INFO] 阶段 01（修正版）结束，停止，不进入阶段 02。
