2026-10-02 16:52:24 [INFO] 02B-2开始，CPU，保存=False，输出=None
2026-10-02 16:52:24 [INFO] 输入dx=2.000μm，器件fresnel，输入(551, 551)，直接输出(301, 301)
2026-10-02 16:52:24 [INFO] 开始直接传播：fresnel 420nm，dx=2.000μm
2026-10-02 16:52:24 [INFO] [02B2] λ=420 nm：u1 0.011 s + 传播 0.023 s = 0.034 s（实际 z=50 mm；器件设计焦距 f=50 mm）；|u2|max=7.3839，有限=True
2026-10-02 16:52:24 [INFO] 本λ完成，直接传播0.04s，总进度1/36
2026-10-02 16:52:24 [INFO] 开始直接传播：fresnel 540nm，dx=2.000μm
2026-10-02 16:52:24 [INFO] [02B2] λ=540 nm：u1 0.012 s + 传播 0.017 s = 0.029 s（实际 z=50 mm；器件设计焦距 f=50 mm）；|u2|max=28.7374，有限=True
2026-10-02 16:52:24 [INFO] 本λ完成，直接传播0.03s，总进度2/36
2026-10-02 16:52:24 [INFO] 开始直接传播：fresnel 660nm，dx=2.000μm
2026-10-02 16:52:24 [INFO] [02B2] λ=660 nm：u1 0.010 s + 传播 0.016 s = 0.026 s（实际 z=50 mm；器件设计焦距 f=50 mm）；|u2|max=6.74192，有限=True
2026-10-02 16:52:24 [INFO] 本λ完成，直接传播0.03s，总进度3/36
2026-10-02 16:52:24 [INFO] 输入dx=2.000μm，器件jeon，输入(551, 551)，直接输出(301, 301)
2026-10-02 16:52:25 [INFO] 开始直接传播：jeon 420nm，dx=2.000μm
2026-10-02 16:52:25 [INFO] [02B2] λ=420 nm：u1 0.010 s + 传播 0.017 s = 0.028 s（实际 z=50 mm；器件设计焦距 f=50 mm）；|u2|max=8.63859，有限=True
2026-10-02 16:52:25 [INFO] 本λ完成，直接传播0.03s，总进度4/36
2026-10-02 16:52:25 [INFO] 开始直接传播：jeon 540nm，dx=2.000μm
2026-10-02 16:52:25 [INFO] [02B2] λ=540 nm：u1 0.010 s + 传播 0.017 s = 0.027 s（实际 z=50 mm；器件设计焦距 f=50 mm）；|u2|max=10.6481，有限=True
2026-10-02 16:52:25 [INFO] 本λ完成，直接传播0.03s，总进度5/36
2026-10-02 16:52:25 [INFO] 开始直接传播：jeon 660nm，dx=2.000μm
2026-10-02 16:52:25 [INFO] [02B2] λ=660 nm：u1 0.010 s + 传播 0.016 s = 0.026 s（实际 z=50 mm；器件设计焦距 f=50 mm）；|u2|max=8.65078，有限=True
2026-10-02 16:52:25 [INFO] 本λ完成，直接传播0.03s，总进度6/36
2026-10-02 16:52:25 [INFO] 输入dx=1.000μm，器件fresnel，输入(1101, 1101)，直接输出(301, 301)
2026-10-02 16:52:25 [INFO] 开始直接传播：fresnel 420nm，dx=1.000μm
2026-10-02 16:52:25 [INFO] [02B2] λ=420 nm：u1 0.044 s + 传播 0.034 s = 0.078 s（实际 z=50 mm；器件设计焦距 f=50 mm）；|u2|max=7.4043，有限=True
2026-10-02 16:52:25 [INFO] 本λ完成，直接传播0.08s，总进度7/36
2026-10-02 16:52:25 [INFO] 开始直接传播：fresnel 540nm，dx=1.000μm
2026-10-02 16:52:25 [INFO] [02B2] λ=540 nm：u1 0.046 s + 传播 0.034 s = 0.080 s（实际 z=50 mm；器件设计焦距 f=50 mm）；|u2|max=28.7396，有限=True
2026-10-02 16:52:25 [INFO] 本λ完成，直接传播0.08s，总进度8/36
2026-10-02 16:52:25 [INFO] 开始直接传播：fresnel 660nm，dx=1.000μm
2026-10-02 16:52:25 [INFO] [02B2] λ=660 nm：u1 0.045 s + 传播 0.034 s = 0.079 s（实际 z=50 mm；器件设计焦距 f=50 mm）；|u2|max=6.7347，有限=True
2026-10-02 16:52:26 [INFO] 本λ完成，直接传播0.08s，总进度9/36
2026-10-02 16:52:26 [INFO] 输入dx=1.000μm，器件jeon，输入(1101, 1101)，直接输出(301, 301)
2026-10-02 16:52:26 [INFO] 开始直接传播：jeon 420nm，dx=1.000μm
2026-10-02 16:52:26 [INFO] [02B2] λ=420 nm：u1 0.039 s + 传播 0.033 s = 0.072 s（实际 z=50 mm；器件设计焦距 f=50 mm）；|u2|max=8.63203，有限=True
2026-10-02 16:52:26 [INFO] 本λ完成，直接传播0.07s，总进度10/36
2026-10-02 16:52:26 [INFO] 开始直接传播：jeon 540nm，dx=1.000μm
2026-10-02 16:52:26 [INFO] [02B2] λ=540 nm：u1 0.035 s + 传播 0.033 s = 0.068 s（实际 z=50 mm；器件设计焦距 f=50 mm）；|u2|max=10.648，有限=True
2026-10-02 16:52:26 [INFO] 本λ完成，直接传播0.07s，总进度11/36
2026-10-02 16:52:26 [INFO] 开始直接传播：jeon 660nm，dx=1.000μm
2026-10-02 16:52:26 [INFO] [02B2] λ=660 nm：u1 0.037 s + 传播 0.032 s = 0.069 s（实际 z=50 mm；器件设计焦距 f=50 mm）；|u2|max=8.65368，有限=True
2026-10-02 16:52:26 [INFO] 本λ完成，直接传播0.07s，总进度12/36
2026-10-02 16:52:26 [INFO] 输入dx=0.500μm，器件fresnel，输入(2201, 2201)，直接输出(1201, 1201)
2026-10-02 16:52:27 [INFO] 开始直接传播：fresnel 420nm，dx=0.500μm
2026-10-02 16:52:27 [INFO] [02B2] λ=420 nm：u1 0.178 s + 传播 0.366 s = 0.544 s（实际 z=50 mm；器件设计焦距 f=50 mm）；|u2|max=7.40835，有限=True
2026-10-02 16:52:29 [INFO] 本λ完成，直接传播0.56s，总进度16/36
2026-10-02 16:52:29 [INFO] 开始直接传播：fresnel 540nm，dx=0.500μm
2026-10-02 16:52:29 [INFO] [02B2] λ=540 nm：u1 0.164 s + 传播 0.353 s = 0.517 s（实际 z=50 mm；器件设计焦距 f=50 mm）；|u2|max=28.741，有限=True
2026-10-02 16:52:31 [INFO] 本λ完成，直接传播0.53s，总进度20/36
2026-10-02 16:52:31 [INFO] 开始直接传播：fresnel 660nm，dx=0.500μm
2026-10-02 16:52:31 [INFO] [02B2] λ=660 nm：u1 0.167 s + 传播 0.352 s = 0.518 s（实际 z=50 mm；器件设计焦距 f=50 mm）；|u2|max=6.73359，有限=True
2026-10-02 16:52:33 [INFO] 本λ完成，直接传播0.53s，总进度24/36
2026-10-02 16:52:33 [INFO] 输入dx=0.500μm，器件jeon，输入(2201, 2201)，直接输出(1201, 1201)
2026-10-02 16:52:34 [INFO] 开始直接传播：jeon 420nm，dx=0.500μm
2026-10-02 16:52:34 [INFO] [02B2] λ=420 nm：u1 0.144 s + 传播 0.363 s = 0.508 s（实际 z=50 mm；器件设计焦距 f=50 mm）；|u2|max=8.62661，有限=True
2026-10-02 16:52:35 [INFO] 本λ完成，直接传播0.52s，总进度28/36
2026-10-02 16:52:35 [INFO] 开始直接传播：jeon 540nm，dx=0.500μm
2026-10-02 16:52:36 [INFO] [02B2] λ=540 nm：u1 0.145 s + 传播 0.348 s = 0.493 s（实际 z=50 mm；器件设计焦距 f=50 mm）；|u2|max=10.6478，有限=True
2026-10-02 16:52:36 [INFO] [原生点独立核验] λ=540 nm：u1 0.159 s + 传播 0.079 s = 0.238 s（实际 z=50 mm；器件设计焦距 f=50 mm）；|u2|max=10.6478，有限=True
2026-10-02 16:52:37 [INFO] 本λ完成，直接传播0.51s，总进度32/36
2026-10-02 16:52:37 [INFO] 开始直接传播：jeon 660nm，dx=0.500μm
2026-10-02 16:52:38 [INFO] [02B2] λ=660 nm：u1 0.148 s + 传播 0.350 s = 0.499 s（实际 z=50 mm；器件设计焦距 f=50 mm）；|u2|max=8.65522，有限=True
2026-10-02 16:52:39 [INFO] 本λ完成，直接传播0.51s，总进度36/36
2026-10-02 16:52:39 [INFO] 本批完成：{'stage': 'stage02b2', 'status': 'completed', 'fields_completed': ['input_coarse_fresnel_420nm', 'input_coarse_fresnel_540nm', 'input_coarse_fresnel_660nm', 'input_coarse_jeon_420nm', 'input_coarse_jeon_540nm', 'input_coarse_jeon_660nm', 'baseline_fresnel_420nm', 'baseline_fresnel_540nm', 'baseline_fresnel_660nm', 'baseline_jeon_420nm', 'baseline_jeon_540nm', 'baseline_jeon_660nm', 'input_fine_fresnel_420nm', 'output_coarse_fresnel_420nm', 'output_fine_fresnel_420nm', 'fov_large_fresnel_420nm', 'input_fine_fresnel_540nm', 'output_coarse_fresnel_540nm', 'output_fine_fresnel_540nm', 'fov_large_fresnel_540nm', 'input_fine_fresnel_660nm', 'output_coarse_fresnel_660nm', 'output_fine_fresnel_660nm', 'fov_large_fresnel_660nm', 'input_fine_jeon_420nm', 'output_coarse_jeon_420nm', 'output_fine_jeon_420nm', 'fov_large_jeon_420nm', 'input_fine_jeon_540nm', 'output_coarse_jeon_540nm', 'output_fine_jeon_540nm', 'fov_large_jeon_540nm', 'input_fine_jeon_660nm', 'output_coarse_jeon_660nm', 'output_fine_jeon_660nm', 'fov_large_jeon_660nm'], 'scientific_status': 'default_within_tested_tolerances', 'limitations': ['最细0.5μm输入为离散参考，不是解析真值；未做0.25μm加密。', '旋转与原文顺时针表述的观察面对应尚未解决，本批不改变角向公式。'], 'native_extraction_relative_l2': 2.5896054778878336e-16, 'comparisons_within_tolerance': 24, 'comparisons_total': 24, 'elapsed_s': 15.45507479999992}

