2026-10-01 13:13:04 [INFO] ==============================================================================
2026-10-01 13:13:04 [INFO] Jeon2019 阶段 01：Fresnel 传播基线
2026-10-01 13:13:04 [INFO] 项目根目录（由 __file__ 解析）：D:\PyCharmProjects\Jeon2019\outputs\jeon2019_optics
2026-10-01 13:13:04 [INFO] 调用时工作目录：D:\PyCharmProjects\Jeon2019
2026-10-01 13:13:04 [INFO] 解释器：D:\dev\python\python3.10.4\python.exe
2026-10-01 13:13:04 [INFO] numpy 2.2.6 / scipy 1.15.3 / matplotlib 3.10.9
2026-10-01 13:13:04 [INFO] 运行目录：D:\PyCharmProjects\Jeon2019\outputs\审核_阶段01_20261001\main_rerun
2026-10-01 13:13:04 [INFO] 主算法：direct；图内中文字体：Microsoft YaHei
2026-10-01 13:13:04 [INFO] ==============================================================================
2026-10-01 13:13:04 [INFO] 【A】验证参数（非论文器件）：D=0.1 mm、f=50 mm、λ=550 nm
2026-10-01 13:13:04 [INFO] 【A】输入网格 400×400，Δx′=1 μm，半宽 200 μm（孔径半径 50 μm）；非零样点 7845
2026-10-01 13:13:04 [INFO] 【A】直接求和判据：输入侧二次相位最大步进 0.04581 rad（阈值 0.50）→ ok=True；λz/Δx′²=2.75e+04
2026-10-01 13:13:04 [INFO] 【A】观察网格 601×601（Δx=4 μm，覆盖 ±1200.0 μm）；直接求值运算量 ≈ 5.78e+10
2026-10-01 13:13:04 [INFO] 【A】直接求值完成，耗时 0.03 s
2026-10-01 13:13:04 [INFO] 【A】Fresnel 数 N_F = D²/(4λf) = 0.09091（远场 Airy 近似要求 ≪1）
2026-10-01 13:13:04 [INFO] 【A】理论第一暗环：J₁ 零点 335.4092 μm；1.22λf/D = 335.5000 μm
2026-10-01 13:13:04 [INFO] 【A】第 1 暗环：实测 335.7674 μm，理论 335.4092 μm，相对误差 +1.0680e-03
2026-10-01 13:13:04 [INFO] 【A】第 2 暗环：实测 614.6288 μm，理论 614.1109 μm，相对误差 +8.4324e-04
2026-10-01 13:13:04 [INFO] 【A】第 3 暗环：实测 891.1921 μm，理论 890.5368 μm，相对误差 +7.3594e-04
2026-10-01 13:13:04 [INFO] 【A】第 4 暗环：实测 1166.9812 μm，理论 1166.2923 μm，相对误差 +5.9071e-04
2026-10-01 13:13:04 [INFO] 【A】径向剖面（方位角平均，未插值）与解析 Airy 的 L1 = 3.6630e-03
2026-10-01 13:13:04 [INFO] 【A】IR（单次 FFT）形式对照：M=800，判据 ok=True（最大相位步进 0.09151 rad）；输出 Δx=34.38 μm；中心截线相对解析 Airy 的 L1=8.9993e-01，峰值=8.138e+22
2026-10-01 13:13:04 [INFO] 【A】论文尺度核对：D=1 mm、f=50 mm、λ=550 nm → 1.22λf/D = 33.5500 μm（配置记录 33.5500 μm）
2026-10-01 13:13:04 [INFO] 【A】若对论文尺度做同等分辨率的二维求值：Δx′ 需 ≈1.677 μm、输入 N≈1074，单个 complex128 数组 18 MB（1074×1074）；本阶段**不分配**该数组，改用上面的缩小验证参数并记录该估计。
D:\PyCharmProjects\Jeon2019\outputs\jeon2019_optics\main.py:355: UserWarning: Glyph 8322 (\N{SUBSCRIPT TWO}) missing from font(s) Microsoft YaHei.
  fig.tight_layout(rect=(0, 0, 1, 0.96))
D:\PyCharmProjects\Jeon2019\outputs\jeon2019_optics\main.py:357: UserWarning: Glyph 8322 (\N{SUBSCRIPT TWO}) missing from font(s) Microsoft YaHei.
  fig.savefig(p, dpi=cfg["plots"]["dpi"])
2026-10-01 13:13:05 [INFO] 【B】输入 48×48，Δx′=40 μm，半宽 480 μm；非对称椭圆高斯+倾斜相位+立方相位；边缘最大 |u1|=1.247e-12，峰值 0.9903
2026-10-01 13:13:05 [INFO] 【B】直接求和判据：最大相位步进 4.57 rad（阈值 0.50）→ ok=False；λz/Δx′²=17.19
2026-10-01 13:13:05 [INFO] 【B】单次 FFT(IR) 形式：M=96，输出 Δx=7.16146 μm（= λz/(MΔx′)），耗时 0.001 s；判据（按非零输入范围）ok=False（最大相位步进 4.57 rad）；若误按填充后半宽计算会得到 ok=False（17.73 rad）——这一差异本身说明判据必须以实际有值的范围为准
2026-10-01 13:13:05 [INFO] 【B】直接二维求积：9216 个评价点 × 2304 个输入样点，耗时 0.00 s
2026-10-01 13:13:05 [INFO] 【B】复场相对 L2（含全局相位）= 6.250000e+08
2026-10-01 13:13:05 [INFO] 【B】去掉唯一最优全局相位（139.550281°）后 = 6.250000e+08
2026-10-01 13:13:05 [INFO] 【B】一致性算例（满足判据）：N=24，Δx′=10 μm，半宽 60 μm，M=48，判据 ok=True（步进 0.1485 rad）→ 复场相对 L2 = 1.000000e+10
2026-10-01 13:13:05 [INFO] 【B】功率：P_in=7.382994e-08，P_out(IR)=2.883982e+10（比值 3.906250e+17），P_out(直接)=7.382994e-08（比值 1.000000e+00）
2026-10-01 13:13:05 [INFO] 【B】符号敏感性自检：共轭输入与原解相距 1.4142e+00（应远大于阈值）
2026-10-01 13:13:05 [INFO] 【B】峰值位置：IR (j=75,i=34) ↔ (-100.260, 193.359) μm；直接 (j=8,i=54) ↔ (42.969, -286.458) μm
D:\PyCharmProjects\Jeon2019\outputs\jeon2019_optics\main.py:572: UserWarning: Glyph 8321 (\N{SUBSCRIPT ONE}) missing from font(s) Microsoft YaHei.
  fig.tight_layout(rect=(0, 0, 1, 0.95))
D:\PyCharmProjects\Jeon2019\outputs\jeon2019_optics\main.py:574: UserWarning: Glyph 8321 (\N{SUBSCRIPT ONE}) missing from font(s) Microsoft YaHei.
  fig.savefig(p, dpi=cfg["plots"]["dpi"])
2026-10-01 13:13:05 [INFO] 【C】扩展网格 ±8000 μm（Δx=40.0 μm，401×401 点）上的总功率 P_ext = 7.803761702597e-09
2026-10-01 13:13:05 [INFO] 【C】P_in = Σ|u1|²Δx′Δy′ = 7.845000000000e-09
2026-10-01 13:13:05 [INFO] 【C】P_ext（扩展网格 ±8000 μm）= 7.803761702597e-09，相对 P_in 差 -5.256634e-03（仅报告：Airy 环尾部按 r⁻³ 衰减，有限窗口内达不到 1e-10）
2026-10-01 13:13:05 [INFO] 【C】P_out（观察窗 ±1200 μm，Δx=4 μm）= 7.513031605252e-09，相对 P_in 误差 -4.231592e-02
2026-10-01 13:13:05 [INFO] 【C】窗内/总 = 0.96274488，即相对总功率泄漏 3.726e-02（这是**有限视场**的结果，不是能量守恒失败）
2026-10-01 13:13:05 [INFO] 【C】单元面积：输入 1.000000e-12 m²，输出 1.600000e-11 m²（比值 16）
2026-10-01 13:13:05 [INFO] 【C】对照：若走 FFT 路径，Parseval 关系给出的期望值是 P_in/(λz)²·(ΔxΔy)/(Δx′Δy′) = 1.659769e+08，与实际 P_out 相差 2.209186e+16 倍——两条路径的尺度关系不同，不能混用。
2026-10-01 13:13:05 [INFO] 【C】观察窗 |r| ≤ 1200.0 μm 内：离散功率 P_win = 7.471288895034e-09，解析包围能量比例 0.95244591 → 期望 7.471938140470e-09，相对差 -8.689117e-05 ← **本组主判据**
2026-10-01 13:13:05 [INFO] 【C】P_ext（±8000 μm 扩展网格）= 7.803761702597e-09，相对 P_in 差 -5.256634e-03（仅报告：Airy 环的尾部按 r⁻³ 衰减，有限窗口内不可能达到 1e-10）
2026-10-01 13:13:05 [INFO] 【C】直接求和判据：ok=True（最大相位步进 0.04581 rad，阈值 0.50）
2026-10-01 13:13:05 [INFO] 【C】注意：Parseval 类检验只验证离散变换与尺度因子，**不能单独证明无混叠**；混叠会把能量搬到别处而总量不变。
2026-10-01 13:13:05 [INFO] 【C】去掉 1/(λz) 尺度因子后 P_out = 5.681730e-24，相对 P_in 误差 -1.000000e+00（说明该因子确实需要在能量核验中被保留）
2026-10-01 13:13:06 [INFO] 【D-1】固定物理输入窗口半宽 200 μm、孔径与观察区，改变输入采样精度：
2026-10-01 13:13:06 [INFO]    N100：N=100，Δx′=4 μm（孔径内 25.0 样点），判据 ok=True（步进 0.1846 rad）；第一暗环=336.1070 μm，剖面 L1=5.0453e-03，耗时 0.0 s
2026-10-01 13:13:06 [INFO]    N200：N=200，Δx′=2 μm（孔径内 50.0 样点），判据 ok=True（步进 0.09185 rad）；第一暗环=335.8151 μm，剖面 L1=3.5666e-03，耗时 0.0 s
2026-10-01 13:13:06 [INFO]    N400：N=400，Δx′=1 μm（孔径内 100.0 样点），判据 ok=True（步进 0.04581 rad）；第一暗环=335.7674 μm，剖面 L1=3.5408e-03，耗时 0.0 s
2026-10-01 13:13:06 [INFO] 【D-2】固定输入网格，比较观察网格加密（零填充等价操作）后的结果：
2026-10-01 13:13:06 [INFO]    观察网格 ×4 加密（Δx 4 → 1 μm）：第一暗环 335.7674 μm → 335.6272 μm；剖面 L1 3.5408e-03 → 2.4744e-03
2026-10-01 13:13:06 [INFO] 【D】N100 vs N200：共同观察网格复场相对 L2=2.0108e-02，归一化强度 L1=1.2835e-02；配对暗环最后两级相对差 8.690e-04
2026-10-01 13:13:06 [INFO] 【D】N200 vs N400：共同观察网格复场相对 L2=5.0422e-03，归一化强度 L1=2.9213e-03；配对暗环最后两级相对差 1.420e-04
2026-10-01 13:13:06 [INFO] 【D】观察网格加密对照（映射回粗网格，有效 63001 点）：复场相对 L2=1.1320e-16，归一化强度 L1=3.6057e-16
2026-10-01 13:13:06 [INFO] 【D】所有等级都在**同一组物理观察坐标**上直接求值式(4)，因此逐对比较不需要任何插值；暗环半径来自各等级观察网格上的方位角平均剖面。
2026-10-01 13:13:07 [INFO] ------------------------------------------------------------------------------
2026-10-01 13:13:07 [INFO] 验收 airy_first_dark_ring         阈值 0.02  实测 1.068023e-03  → 通过
2026-10-01 13:13:07 [INFO] 验收 direct_vs_fft_rel_l2         阈值 1e-06  实测 6.250000e+08  → 未通过
2026-10-01 13:13:07 [INFO] 验收 energy_rel_err               阈值 0.01  实测 8.689117e-05  → 通过
2026-10-01 13:13:07 [INFO] 验收 shape_l1                     阈值 0.02  实测 1.283458e-02  → 通过
2026-10-01 13:13:07 [INFO] 结果目录：D:\PyCharmProjects\Jeon2019\outputs\审核_阶段01_20261001\main_rerun
2026-10-01 13:13:07 [INFO] 阶段 01 结束，停止，不进入阶段 02。
