2026-10-02 16:56:25 [INFO] 项目根：D:\PyCharmProjects\Jeon2019\outputs\jeon2019_optics
2026-10-02 16:56:25 [INFO] 配置文件：D:\PyCharmProjects\Jeon2019\outputs\jeon2019_optics\config_stage02b.json
2026-10-02 16:56:25 [INFO] 绘图后端：Agg；未请求显示
2026-10-02 16:56:25 [INFO] 最终设置：show_plots=False，save_results=True
2026-10-02 16:56:25 [INFO] 运行目录：D:\PyCharmProjects\Jeon2019\outputs\复审并执行_02B_20261002\冻结模式_height
2026-10-02 16:56:25 [INFO] ================================================================================
2026-10-02 16:56:25 [INFO] 阶段 02B-1 开始：Jeon光学编码复现：02B-1九波长对照
2026-10-02 16:56:25 [INFO] D=1 mm，f=z=50 mm，N=3，设计范围 [420, 660] nm，传统设计 λ0=550 nm
2026-10-02 16:56:25 [INFO] 入射波长：[420, 450, 480, 510, 540, 570, 600, 630, 660] nm
2026-10-02 16:56:25 [INFO] 输入网格 (1101, 1101) dx=1 μm 半宽=550 μm；输出网格 (301, 301) dx=1 μm 半宽=150 μm
2026-10-02 16:56:25 [INFO] 全局相位 include_global_phase=True；执行模式 only=height；保存=True
2026-10-02 16:56:25 [INFO] 采样诊断（420 nm）：输入核步进 worst=0.209589 rad（阈值 0.50，ok=True）；输出表示步进 x=0.045029 rad；三阶近轴高阶光程相位误差=0.014365 rad。这些只是保守提示，不是收敛证明
2026-10-02 16:56:25 [INFO] 采样诊断（660 nm）：输入核步进 worst=0.133375 rad（阈值 0.50，ok=True）；输出表示步进 x=0.028655 rad；三阶近轴高阶光程相位误差=0.009141 rad。这些只是保守提示，不是收敛证明
2026-10-02 16:56:25 [INFO] --- [H] 固定高度设计（只生成一次，孔径外 mask=0） ---
2026-10-02 16:56:25 [INFO] [H] 完成（0.281 s）：Jeon 指纹 8527724f6aeffc03，传统 指纹 c91e609e89d027ad
2026-10-02 16:56:25 [INFO] [H] jeon     孔径离散面积=7.853490e-07 m²（理想 7.853982e-07，相对差 6.260e-05，阈值 0.01）
2026-10-02 16:56:25 [INFO] [H] fresnel  孔径离散面积=7.853490e-07 m²（理想 7.853982e-07，相对差 6.260e-05，阈值 0.01）
2026-10-02 16:56:25 [INFO] [H] jeon     局部聚焦相位恒等最大相量误差=8.330e-15（阈值 1e-10）
2026-10-02 16:56:26 [INFO] [H] fresnel  局部聚焦相位恒等最大相量误差=9.797e-16（阈值 1e-10）
2026-10-02 16:56:26 [INFO] [H] jeon     Δh∈[-1.44611e-06, 0] m（应位于 [-λd/(n-1), 0]）；设计 λ∈[420.0, 660.0] nm；原点 Δh=0 m
2026-10-02 16:56:26 [INFO] [H] fresnel  Δh∈[-1.19587e-06, 0] m（应位于 [-λd/(n-1), 0]）；设计 λ∈[550.0, 550.0] nm；原点 Δh=0 m
2026-10-02 16:56:26 [INFO] ================================================================================
2026-10-02 16:56:26 [INFO] 阶段 02B-1 结束：状态=partial，全部必需检查通过=True，耗时 1.24 s
2026-10-02 16:56:26 [INFO] 报告与完成记录已写入：D:\PyCharmProjects\Jeon2019\outputs\复审并执行_02B_20261002\冻结模式_height
2026-10-02 16:56:26 [INFO] 阶段 02B-1 完成，退出码 0
