2026-10-01 14:35:21 [INFO] ==============================================================================
2026-10-01 14:35:21 [INFO] Jeon2019 阶段 01（修正版）：Fresnel 传播基线
2026-10-01 14:35:21 [INFO] 项目根目录（由 __file__ 解析）：D:\PyCharmProjects\Jeon2019\outputs\jeon2019_optics
2026-10-01 14:35:21 [INFO] 调用时工作目录：D:\PyCharmProjects\Jeon2019
2026-10-01 14:35:21 [INFO] 解释器：D:\dev\python\python3.10.4\python.exe
2026-10-01 14:35:21 [INFO] numpy 2.2.6 / scipy 1.15.3 / matplotlib 3.10.9
2026-10-01 14:35:21 [INFO] matplotlib 后端：Agg；中文字体：Microsoft YaHei
2026-10-01 14:35:21 [INFO] 结果目录：D:\PyCharmProjects\Jeon2019\outputs\复审_阶段01_20261001\默认入口独立复跑
2026-10-01 14:35:21 [INFO] ==============================================================================
2026-10-01 14:35:22 [INFO] 【A】D=0.1 mm，f=50 mm，λ=550 nm；N_F=D²/(4λf)=0.0909091（**不是** Airy 适用条件）
2026-10-01 14:35:22 [INFO] 【A】输入 1201×1201，Δx′=0.5 μm（孔径半径 50 μm → 100.0 样点）；输出 1119 点，间距 3 μm（111.8 样点/暗环）
2026-10-01 14:35:22 [INFO] 【A】采样诊断：输入二次相位步进 0.0343 rad，交叉项步进 0.3832 rad，合计 0.4175 rad（阈值 0.50）→ ok=True
2026-10-01 14:35:22 [INFO] 【A】高阶光程误差：ρ_max=2796 μm → 精确 6.970535e-01 rad（四次近似 6.981429e-01 rad），容忍度 0.10 rad
2026-10-01 14:35:22 [INFO] 【A】中心截线：L1=3.9143e-04；第一暗环实测 336.0092 μm / 理论 335.4092 μm，相对误差 +1.7889e-03（耗时 0.04 s）
2026-10-01 14:35:22 [INFO] 【A】窗内能量占比（离散）1.000000，解析 1−J₀²−J₁² 0.967472，差 +3.253e-02（补充检查）
2026-10-01 14:35:23 [INFO] 【A】D=0.2 mm，f=25 mm，λ=550 nm；N_F=D²/(4λf)=0.727273（**不是** Airy 适用条件）
2026-10-01 14:35:23 [INFO] 【A】输入 1201×1201，Δx′=0.5 μm（孔径半径 100 μm → 200.0 样点）；输出 1049 点，间距 0.8 μm（104.8 样点/暗环）
2026-10-01 14:35:23 [INFO] 【A】采样诊断：输入二次相位步进 0.0686 rad，交叉项步进 0.1916 rad，合计 0.2602 rad（阈值 0.50）→ ok=True
2026-10-01 14:35:23 [INFO] 【A】高阶光程误差：ρ_max=1017 μm → 精确 9.775865e-02 rad（四次近似 9.783956e-02 rad），容忍度 0.10 rad
2026-10-01 14:35:23 [INFO] 【A】中心截线：L1=2.1338e-04；第一暗环实测 84.0123 μm / 理论 83.8523 μm，相对误差 +1.9084e-03（耗时 0.04 s）
2026-10-01 14:35:23 [INFO] 【A】窗内能量占比（离散）1.000000，解析 1−J₀²−J₁² 0.967472，差 +3.253e-02（补充检查）
2026-10-01 14:35:24 [INFO] 【A】D=1 mm，f=50 mm，λ=550 nm；N_F=D²/(4λf)=9.09091（**不是** Airy 适用条件）
2026-10-01 14:35:24 [INFO] 【A】输入 2401×2401，Δx′=1 μm（孔径半径 500 μm → 500.0 样点）；输出 959 点，间距 0.35 μm（95.8 样点/暗环）
2026-10-01 14:35:24 [INFO] 【A】采样诊断：输入二次相位步进 0.2743 rad，交叉项步进 0.07663 rad，合计 0.3509 rad（阈值 0.50）→ ok=True
2026-10-01 14:35:24 [INFO] 【A】高阶光程误差：ρ_max=1934 μm → 精确 1.597797e-01 rad（四次近似 1.598992e-01 rad），容忍度 0.10 rad
2026-10-01 14:35:25 [INFO] 【A】中心截线：L1=4.8191e-05；第一暗环实测 33.6109 μm / 理论 33.5409 μm，相对误差 +2.0877e-03（耗时 0.09 s）
2026-10-01 14:35:25 [INFO] 【A】窗内能量占比（离散）1.000000，解析 1−J₀²−J₁² 0.967472，差 +3.253e-02（补充检查）
2026-10-01 14:35:27 [INFO] 【B】N=48，Δx′=40 μm，M=96：FFT vs 完整核求和 rel L2=1.0797e-13；原生全输出功率相对误差=6.6613e-15（P_out/P_in=1.000000000000）；耗时 0.001/0.001 s
2026-10-01 14:35:27 [INFO] 【B】N=24，Δx′=10 μm，M=48：FFT vs 完整核求和 rel L2=1.6779e-14；原生全输出功率相对误差=8.8818e-16（P_out/P_in=1.000000000000）；耗时 0.000/0.000 s
2026-10-01 14:35:27 [INFO] 【B】N=64，Δx′=5 μm，M=256：FFT vs 完整核求和 rel L2=2.5219e-13；原生全输出功率相对误差=2.1538e-14（P_out/P_in=1.000000000000）；耗时 0.007/0.002 s
2026-10-01 14:35:27 [INFO] 【C1】非对称输入 N=48，Δx′=40 μm，M=96：P_in=2.372569889894e-07，P_out=2.372569889894e-07，相对误差=6.6613e-15（主判据，目标 ≤1e-10）
2026-10-01 14:35:27 [INFO] 【C1】非对称输入 N=64，Δx′=5 μm，M=256：P_in=6.592655791279e-09，P_out=6.592655791279e-09，相对误差=2.1538e-14（主判据，目标 ≤1e-10）
2026-10-01 14:35:28 [INFO] 【C2】有限窗口（r≤167.7 μm）：离散占比 0.99725141，解析 0.96747248，绝对差 2.9779e-02（补充检查）
2026-10-01 14:35:30 [INFO] 【D1】输入采样 N32：N=32，Δx′=125 μm，M=64 → FFT vs 完整核 rel L2=2.9731e-14，功率误差=2.8866e-15
2026-10-01 14:35:30 [INFO] 【D1】输入采样 N64：N=64，Δx′=62.5 μm，M=128 → FFT vs 完整核 rel L2=4.5069e-14，功率误差=2.6645e-15
2026-10-01 14:35:30 [INFO] 【D1】输入采样 N128：N=128，Δx′=31.25 μm，M=256 → FFT vs 完整核 rel L2=6.3235e-13，功率误差=1.8541e-14
2026-10-01 14:35:30 [INFO] 【D2】填充倍率 x2：N=64，M=128 → FFT vs 完整核 rel L2=4.5069e-14，功率误差=2.6645e-15
2026-10-01 14:35:30 [INFO] 【D2】填充倍率 x4：N=64，M=256 → FFT vs 完整核 rel L2=2.6375e-13，功率误差=1.8652e-14
2026-10-01 14:35:30 [INFO] 【D3】填充 ×2：M=128，原生输出 128×128，Δx=3.437 μm；与完整核求和 rel L2=4.5069e-14，功率误差=2.6645e-15
2026-10-01 14:35:30 [INFO] 【D3】填充 ×4：M=256，原生输出 256×256，Δx=1.719 μm；与完整核求和 rel L2=2.6375e-13，功率误差=1.8652e-14
2026-10-01 14:35:30 [INFO] 【D3】填充 ×2 → ×4：rel L2 由 4.5069e-14 变为 2.6375e-13（未变差：True）
2026-10-01 14:35:30 [INFO] ------------------------------------------------------------------------------
2026-10-01 14:35:30 [INFO] 验收 airy_first_dark_ring_rel_err     阈值 0.02  实测 1.788909e-03  → pass
2026-10-01 14:35:30 [INFO] 验收 airy_line_L1_vs_analytic         阈值 0.01  实测 3.914337e-04  → pass
2026-10-01 14:35:30 [INFO] 验收 discrete_identity_rel_L2         阈值 1e-06  实测 2.637461e-13  → pass
2026-10-01 14:35:30 [INFO] 验收 native_fft_parseval_rel_err      阈值 1e-10  实测 2.153833e-14  → pass
2026-10-01 14:35:30 [INFO] 验收 window_energy_abs_diff           阈值 0.05  实测 2.977894e-02  → pass
2026-10-01 14:35:30 [INFO] 验收 sampling_padding_L1              阈值 0.02  实测 2.637461e-13  → pass
2026-10-01 14:35:30 [INFO] 总体状态：pass；退出码 0；未运行组：无
2026-10-01 14:35:30 [INFO] 结果目录：D:\PyCharmProjects\Jeon2019\outputs\复审_阶段01_20261001\默认入口独立复跑
2026-10-01 14:35:30 [INFO] 阶段 01（修正版）结束，停止，不进入阶段 02。
