2026-10-01 21:58:48 [INFO] 有效配置路径：D:\PyCharmProjects\Jeon2019\outputs\jeon2019_optics\config_stage02a.json
2026-10-01 21:58:48 [INFO] 绘图后端：Agg；未请求显示
2026-10-01 21:58:48 [INFO] === 阶段 02A 开始执行 ===
2026-10-01 21:58:48 [INFO] 光学参数: D=1.00 mm, f=50.00 mm, z=50.00 mm, N=3
2026-10-01 21:58:48 [INFO] 设计波长范围: [420.0, 660.0] nm
2026-10-01 21:58:48 [INFO] 控制波长: 550.0 nm, 预览波长: [420, 540, 660] nm
2026-10-01 21:58:48 [INFO] 执行模式: only_mode=all, 结果保存: 开启
2026-10-01 21:58:48 [INFO] 全局相位开关: include_global_phase=True
2026-10-01 21:58:48 [INFO] 输入网格: shape=(1101, 1101), dx=1.00 μm, 实际半宽=550.0 μm
2026-10-01 21:58:48 [INFO] 输出网格: shape=(301, 301), dx=1.00 μm, 实际半宽=150.0 μm
2026-10-01 21:58:48 [INFO] 传播采样与近轴理论诊断（在最小波长 420 nm 处）: 最差输入相位步进=0.2096 rad, 三阶近轴高阶光程相位误差估计=0.014365 rad
2026-10-01 21:58:48 [INFO] --- [F1] 正在设计 Jeon 2019 N=3 连续 DOE 高度与自检 ---
2026-10-01 21:58:49 [INFO] [F1] DOE 高度设计完成，耗时: 0.1491 s, 器件指纹: 8527724f6aeffc0314d09313d89fdca0c2c864827e6a47308480968bcabc1350
2026-10-01 21:58:50 [INFO] --- [F2] 正在执行 550nm 传统单色 Fresnel 透镜控制检验 ---
2026-10-01 21:58:50 [INFO] [F2] 控制传播完成，耗时: 0.1458 s
2026-10-01 21:58:50 [INFO] --- [F3] 正在执行多波长固定器件衍射传播 ---
2026-10-01 21:58:50 [INFO] [F3 试算] 选定试算波长: 540.0 nm
2026-10-01 21:58:50 [INFO] [F3] λ=420 nm: 耗时=0.0773 s, Pin=7.8535e-07, Pwin=6.2469e-07, 窗口能量比 η=79.54%, 峰值=74.51, 状态=PASS
2026-10-01 21:58:51 [INFO] [F3] λ=540 nm: 耗时=0.0787 s, Pin=7.8535e-07, Pwin=6.9787e-07, 窗口能量比 η=88.86%, 峰值=113.38, 状态=PASS
2026-10-01 21:58:51 [INFO] [F3] λ=660 nm: 耗时=0.3117 s, Pin=7.8535e-07, Pwin=5.6980e-07, 窗口能量比 η=72.55%, 峰值=74.89, 状态=PASS
2026-10-01 21:58:59 [INFO] === 阶段 02A 执行完成，总耗时: 11.0347 s ===

