2026-10-02 16:55:45 [INFO] 项目根：D:\PyCharmProjects\Jeon2019\outputs\jeon2019_optics
2026-10-02 16:55:45 [INFO] 配置文件：D:\PyCharmProjects\Jeon2019\outputs\jeon2019_optics\config_stage02b.json
2026-10-02 16:55:45 [INFO] 绘图后端：Agg；未请求显示
2026-10-02 16:55:45 [INFO] 最终设置：show_plots=False，save_results=True
2026-10-02 16:55:45 [INFO] 运行目录：D:\PyCharmProjects\Jeon2019\outputs\复审并执行_02B_20261002\02B1正式复跑
2026-10-02 16:55:45 [INFO] ================================================================================
2026-10-02 16:55:45 [INFO] 阶段 02B-1 开始：Jeon光学编码复现：02B-1九波长对照
2026-10-02 16:55:45 [INFO] D=1 mm，f=z=50 mm，N=3，设计范围 [420, 660] nm，传统设计 λ0=550 nm
2026-10-02 16:55:45 [INFO] 入射波长：[420, 450, 480, 510, 540, 570, 600, 630, 660] nm
2026-10-02 16:55:45 [INFO] 输入网格 (1101, 1101) dx=1 μm 半宽=550 μm；输出网格 (301, 301) dx=1 μm 半宽=150 μm
2026-10-02 16:55:45 [INFO] 全局相位 include_global_phase=True；执行模式 only=all；保存=True
2026-10-02 16:55:45 [INFO] 采样诊断（420 nm）：输入核步进 worst=0.209589 rad（阈值 0.50，ok=True）；输出表示步进 x=0.045029 rad；三阶近轴高阶光程相位误差=0.014365 rad。这些只是保守提示，不是收敛证明
2026-10-02 16:55:45 [INFO] 采样诊断（660 nm）：输入核步进 worst=0.133375 rad（阈值 0.50，ok=True）；输出表示步进 x=0.028655 rad；三阶近轴高阶光程相位误差=0.009141 rad。这些只是保守提示，不是收敛证明
2026-10-02 16:55:45 [INFO] --- [H] 固定高度设计（只生成一次，孔径外 mask=0） ---
2026-10-02 16:55:45 [INFO] [H] 完成（0.289 s）：Jeon 指纹 8527724f6aeffc03，传统 指纹 c91e609e89d027ad
2026-10-02 16:55:45 [INFO] [H] jeon     孔径离散面积=7.853490e-07 m²（理想 7.853982e-07，相对差 6.260e-05，阈值 0.01）
2026-10-02 16:55:45 [INFO] [H] fresnel  孔径离散面积=7.853490e-07 m²（理想 7.853982e-07，相对差 6.260e-05，阈值 0.01）
2026-10-02 16:55:45 [INFO] [H] jeon     局部聚焦相位恒等最大相量误差=8.330e-15（阈值 1e-10）
2026-10-02 16:55:45 [INFO] [H] fresnel  局部聚焦相位恒等最大相量误差=9.797e-16（阈值 1e-10）
2026-10-02 16:55:45 [INFO] [H] jeon     Δh∈[-1.44611e-06, 0] m（应位于 [-λd/(n-1), 0]）；设计 λ∈[420.0, 660.0] nm；原点 Δh=0 m
2026-10-02 16:55:45 [INFO] [H] fresnel  Δh∈[-1.19587e-06, 0] m（应位于 [-λd/(n-1), 0]）；设计 λ∈[550.0, 550.0] nm；原点 Δh=0 m
2026-10-02 16:55:46 [INFO] --- [C] 单场试算（Jeon，540 nm）：记录耗时/尺寸/能量健康 ---
2026-10-02 16:55:46 [INFO] [C] λ=540 nm：u1 0.045 s + 传播 0.036 s = 0.081 s（实际 z=50 mm；器件设计焦距 f=50 mm）；|u2|max=10.648，有限=True
2026-10-02 16:55:46 [INFO] [C] 健康检查：pass（ηwindow=0.888612，形状 (301, 301)，1.4 MB）
2026-10-02 16:55:46 [INFO] --- [P] 正式计算 18 组衍射场（2 器件 × 9 波长）---
2026-10-02 16:55:46 [INFO] [P] λ=420 nm：u1 0.046 s + 传播 0.034 s = 0.080 s（实际 z=50 mm；器件设计焦距 f=50 mm）；|u2|max=7.4043，有限=True
2026-10-02 16:55:46 [INFO] [P] fresnel@420nm 完成：ηwindow=0.729472 峰值=54.8237（累计 0.1 s）
2026-10-02 16:55:46 [INFO] [P] λ=450 nm：u1 0.046 s + 传播 0.038 s = 0.084 s（实际 z=50 mm；器件设计焦距 f=50 mm）；|u2|max=7.58697，有限=True
2026-10-02 16:55:47 [INFO] [P] fresnel@450nm 完成：ηwindow=0.824129 峰值=57.5622（累计 0.2 s）
2026-10-02 16:55:47 [INFO] [P] λ=480 nm：u1 0.047 s + 传播 0.039 s = 0.086 s（实际 z=50 mm；器件设计焦距 f=50 mm）；|u2|max=13.4122，有限=True
2026-10-02 16:55:47 [INFO] [P] fresnel@480nm 完成：ηwindow=0.901337 峰值=179.886（累计 0.2 s）
2026-10-02 16:55:47 [INFO] [P] λ=510 nm：u1 0.055 s + 传播 0.037 s = 0.092 s（实际 z=50 mm；器件设计焦距 f=50 mm）；|u2|max=24.6081，有限=True
2026-10-02 16:55:47 [INFO] [P] fresnel@510nm 完成：ηwindow=0.949095 峰值=605.558（累计 0.2 s）
2026-10-02 16:55:47 [INFO] [P] λ=540 nm：u1 0.047 s + 传播 0.037 s = 0.084 s（实际 z=50 mm；器件设计焦距 f=50 mm）；|u2|max=28.7396，有限=True
2026-10-02 16:55:47 [INFO] [P] fresnel@540nm 完成：ηwindow=0.966008 峰值=825.964（累计 0.2 s）
2026-10-02 16:55:47 [INFO] [P] λ=570 nm：u1 0.047 s + 传播 0.037 s = 0.084 s（实际 z=50 mm；器件设计焦距 f=50 mm）；|u2|max=26.3907，有限=True
2026-10-02 16:55:47 [INFO] [P] fresnel@570nm 完成：ηwindow=0.960927 峰值=696.467（累计 0.2 s）
2026-10-02 16:55:47 [INFO] [P] λ=600 nm：u1 0.049 s + 传播 0.038 s = 0.087 s（实际 z=50 mm；器件设计焦距 f=50 mm）；|u2|max=20.2997，有限=True
2026-10-02 16:55:47 [INFO] [P] fresnel@600nm 完成：ηwindow=0.939289 峰值=412.078（累计 0.2 s）
2026-10-02 16:55:47 [INFO] [P] λ=630 nm：u1 0.049 s + 传播 0.041 s = 0.090 s（实际 z=50 mm；器件设计焦距 f=50 mm）；|u2|max=13.1533，有限=True
2026-10-02 16:55:48 [INFO] [P] fresnel@630nm 完成：ηwindow=0.904379 峰值=173.009（累计 0.2 s）
2026-10-02 16:55:48 [INFO] [P] λ=660 nm：u1 0.046 s + 传播 0.038 s = 0.084 s（实际 z=50 mm；器件设计焦距 f=50 mm）；|u2|max=6.7347，有限=True
2026-10-02 16:55:48 [INFO] [P] fresnel@660nm 完成：ηwindow=0.857912 峰值=45.3562（累计 0.2 s）
2026-10-02 16:55:48 [INFO] [P] λ=420 nm：u1 0.060 s + 传播 0.060 s = 0.120 s（实际 z=50 mm；器件设计焦距 f=50 mm）；|u2|max=8.63203，有限=True
2026-10-02 16:55:48 [INFO] [P] jeon@420nm 完成：ηwindow=0.795435 峰值=74.5119（累计 0.2 s）
2026-10-02 16:55:48 [INFO] [P] λ=450 nm：u1 0.048 s + 传播 0.041 s = 0.089 s（实际 z=50 mm；器件设计焦距 f=50 mm）；|u2|max=11.2608，有限=True
2026-10-02 16:55:48 [INFO] [P] jeon@450nm 完成：ηwindow=0.828396 峰值=126.806（累计 0.2 s）
2026-10-02 16:55:48 [INFO] [P] λ=480 nm：u1 0.052 s + 传播 0.037 s = 0.089 s（实际 z=50 mm；器件设计焦距 f=50 mm）；|u2|max=10.3645，有限=True
2026-10-02 16:55:48 [INFO] [P] jeon@480nm 完成：ηwindow=0.860480 峰值=107.424（累计 0.2 s）
2026-10-02 16:55:48 [INFO] [P] λ=510 nm：u1 0.045 s + 传播 0.039 s = 0.084 s（实际 z=50 mm；器件设计焦距 f=50 mm）；|u2|max=10.0756，有限=True
2026-10-02 16:55:48 [INFO] [P] jeon@510nm 完成：ηwindow=0.883938 峰值=101.519（累计 0.2 s）
2026-10-02 16:55:48 [INFO] [P] jeon@540nm 精确复用控制点结果（不重算）
2026-10-02 16:55:49 [INFO] [P] jeon@540nm 完成：ηwindow=0.888612 峰值=113.381（累计 0.1 s）
2026-10-02 16:55:49 [INFO] [P] λ=570 nm：u1 0.046 s + 传播 0.043 s = 0.089 s（实际 z=50 mm；器件设计焦距 f=50 mm）；|u2|max=11.5738，有限=True
2026-10-02 16:55:49 [INFO] [P] jeon@570nm 完成：ηwindow=0.870537 峰值=133.954（累计 0.2 s）
2026-10-02 16:55:49 [INFO] [P] λ=600 nm：u1 0.058 s + 传播 0.056 s = 0.114 s（实际 z=50 mm；器件设计焦距 f=50 mm）；|u2|max=11.3747，有限=True
2026-10-02 16:55:49 [INFO] [P] jeon@600nm 完成：ηwindow=0.835056 峰值=129.383（累计 0.2 s）
2026-10-02 16:55:49 [INFO] [P] λ=630 nm：u1 0.047 s + 传播 0.037 s = 0.084 s（实际 z=50 mm；器件设计焦距 f=50 mm）；|u2|max=10.247，有限=True
2026-10-02 16:55:49 [INFO] [P] jeon@630nm 完成：ηwindow=0.785259 峰值=105（累计 0.2 s）
2026-10-02 16:55:49 [INFO] [P] λ=660 nm：u1 0.048 s + 传播 0.038 s = 0.087 s（实际 z=50 mm；器件设计焦距 f=50 mm）；|u2|max=8.65368，有限=True
2026-10-02 16:55:49 [INFO] [P] jeon@660nm 完成：ηwindow=0.725539 峰值=74.8862（累计 0.2 s）
2026-10-02 16:55:49 [INFO] --- [V] 保存后重读全部产物，核对身份集合与内容 ---
2026-10-02 16:55:51 [INFO] [V] 独立重算功率：Pin 最差相对差 0.000e+00（容差 1.0e-12）；Pwindow 最差相对差 0.000e+00（容差 1.0e-09）；重算使用 z=0.05 m
2026-10-02 16:55:51 [INFO] [V] 身份集合：期望 18，实读 18；问题 0 条
2026-10-02 16:55:51 [INFO] --- [A] 定量分析（角度/尺寸/能量）---
2026-10-02 16:55:52 [INFO] [A] primary：可靠 9/9；连续段 1 个；歧义对 0
2026-10-02 16:55:52 [INFO] [A]   primary 段 [420, 450, 480, 510, 540, 570, 600, 630, 660] nm：展开角 -43.6789° → 92.1507°（逆时针，跨度 135.8296°）
2026-10-02 16:55:52 [INFO] [A] sensitivity：可靠 9/9；连续段 1 个；歧义对 0
2026-10-02 16:55:52 [INFO] [A]   sensitivity 段 [420, 450, 480, 510, 540, 570, 600, 630, 660] nm：展开角 -42.5617° → 93.1753°（逆时针，跨度 135.7371°）
2026-10-02 16:55:52 [INFO] [A] 传统 Fresnel 近圆对称，C3 低、角度 undefined 属合理对照
2026-10-02 16:55:52 [INFO] [A] fresnel  R50_um       有效样本 9，范围 [14.7648, 90.4710] μm，均值 41.4460，CV 0.5850
2026-10-02 16:55:52 [INFO] [A] fresnel  R80_um       有效样本 8，范围 [25.6320, 143.1258] μm，均值 74.2325，CV 0.5191
2026-10-02 16:55:52 [INFO] [A] fresnel  r_eq_q0.5_um 有效样本 9，范围 [13.3631, 56.2070] μm，均值 22.9039，CV 0.6540
2026-10-02 16:55:52 [INFO] [A] fresnel  r_eq_q0.1_um 有效样本 9，范围 [23.5950, 108.2318] μm，均值 56.5430，CV 0.5749
2026-10-02 16:55:52 [INFO] [A] jeon     R50_um       有效样本 9，范围 [48.5077, 90.6091] μm，均值 63.6701，CV 0.2246
2026-10-02 16:55:52 [INFO] [A] jeon     R80_um       有效样本 6，范围 [101.9657, 146.9320] μm，均值 121.7406，CV 0.1395
2026-10-02 16:55:52 [INFO] [A] jeon     r_eq_q0.5_um 有效样本 9，范围 [18.4724, 36.7893] μm，均值 27.7078，CV 0.2340
2026-10-02 16:55:52 [INFO] [A] jeon     r_eq_q0.1_um 有效样本 9，范围 [63.0051, 79.4586] μm，均值 68.3701，CV 0.0835
2026-10-02 16:55:58 [INFO] ================================================================================
2026-10-02 16:55:58 [INFO] 阶段 02B-1 结束：状态=completed，全部必需检查通过=True，耗时 12.70 s
2026-10-02 16:55:58 [INFO] 报告与完成记录已写入：D:\PyCharmProjects\Jeon2019\outputs\复审并执行_02B_20261002\02B1正式复跑
2026-10-02 16:55:58 [INFO] 阶段 02B-1 完成，退出码 0
