元数据已核对 harvard:CZ_hsdb:img1
元数据已核对 harvard:CZ_hsdb:img2
元数据已核对 harvard:CZ_hsdb:imga1
元数据已核对 harvard:CZ_hsdb:imga2
元数据已核对 harvard:CZ_hsdb:imga5
元数据已核对 harvard:CZ_hsdb:imga6
元数据已核对 harvard:CZ_hsdb:imga7
元数据已核对 harvard:CZ_hsdb:imgb0
元数据已核对 harvard:CZ_hsdb:imgb1
元数据已核对 harvard:CZ_hsdb:imgb2
元数据已核对 harvard:CZ_hsdb:imgb3
元数据已核对 harvard:CZ_hsdb:imgb4
元数据已核对 harvard:CZ_hsdb:imgb5
元数据已核对 harvard:CZ_hsdb:imgb6
元数据已核对 harvard:CZ_hsdb:imgb7
元数据已核对 harvard:CZ_hsdb:imgb8
元数据已核对 harvard:CZ_hsdb:imgb9
元数据已核对 harvard:CZ_hsdb:imgc1
元数据已核对 harvard:CZ_hsdb:imgc2
元数据已核对 harvard:CZ_hsdb:imgc4
元数据已核对 harvard:CZ_hsdb:imgc5
元数据已核对 harvard:CZ_hsdb:imgc7
元数据已核对 harvard:CZ_hsdb:imgc8
元数据已核对 harvard:CZ_hsdb:imgc9
元数据已核对 harvard:CZ_hsdb:imgd2
元数据已核对 harvard:CZ_hsdb:imgd3
元数据已核对 harvard:CZ_hsdb:imgd4
元数据已核对 harvard:CZ_hsdb:imgd7
元数据已核对 harvard:CZ_hsdb:imgd8
元数据已核对 harvard:CZ_hsdb:imgd9
元数据已核对 harvard:CZ_hsdb:imge0
元数据已核对 harvard:CZ_hsdb:imge1
元数据已核对 harvard:CZ_hsdb:imge2
元数据已核对 harvard:CZ_hsdb:imge3
元数据已核对 harvard:CZ_hsdb:imge4
元数据已核对 harvard:CZ_hsdb:imge5
元数据已核对 harvard:CZ_hsdb:imge6
元数据已核对 harvard:CZ_hsdb:imge7
元数据已核对 harvard:CZ_hsdb:imgf1
元数据已核对 harvard:CZ_hsdb:imgf2
元数据已核对 harvard:CZ_hsdb:imgf3
元数据已核对 harvard:CZ_hsdb:imgf4
元数据已核对 harvard:CZ_hsdb:imgf5
元数据已核对 harvard:CZ_hsdb:imgf6
元数据已核对 harvard:CZ_hsdb:imgf7
元数据已核对 harvard:CZ_hsdb:imgf8
元数据已核对 harvard:CZ_hsdb:imgh0
元数据已核对 harvard:CZ_hsdb:imgh1
元数据已核对 harvard:CZ_hsdb:imgh2
元数据已核对 harvard:CZ_hsdb:imgh3
元数据已核对 harvard:CZ_hsdbi:img3
元数据已核对 harvard:CZ_hsdbi:img4
元数据已核对 harvard:CZ_hsdbi:img5
元数据已核对 harvard:CZ_hsdbi:img6
元数据已核对 harvard:CZ_hsdbi:imga3
元数据已核对 harvard:CZ_hsdbi:imga4
元数据已核对 harvard:CZ_hsdbi:imga8
元数据已核对 harvard:CZ_hsdbi:imgc3
元数据已核对 harvard:CZ_hsdbi:imgc6
元数据已核对 harvard:CZ_hsdbi:imgd0
元数据已核对 harvard:CZ_hsdbi:imgd1
元数据已核对 harvard:CZ_hsdbi:imgd5
元数据已核对 harvard:CZ_hsdbi:imgd6
元数据已核对 harvard:CZ_hsdbi:imgg0
元数据已核对 harvard:CZ_hsdbi:imgg1
元数据已核对 harvard:CZ_hsdbi:imgg2
元数据已核对 harvard:CZ_hsdbi:imgg3
元数据已核对 harvard:CZ_hsdbi:imgg4
元数据已核对 harvard:CZ_hsdbi:imgg5
元数据已核对 harvard:CZ_hsdbi:imgg6
元数据已核对 harvard:CZ_hsdbi:imgg7
元数据已核对 harvard:CZ_hsdbi:imgg8
元数据已核对 harvard:CZ_hsdbi:imgg9
元数据已核对 harvard:CZ_hsdbi:imgh4
元数据已核对 harvard:CZ_hsdbi:imgh5
元数据已核对 harvard:CZ_hsdbi:imgh6
元数据已核对 harvard:CZ_hsdbi:imgh7
元数据已核对 kaist:scene01_reflectance
元数据已核对 kaist:scene02_reflectance
元数据已核对 kaist:scene03_reflectance
元数据已核对 kaist:scene04_reflectance
元数据已核对 kaist:scene05_reflectance
元数据已核对 kaist:scene06_reflectance
元数据已核对 kaist:scene07_reflectance
元数据已核对 kaist:scene08_reflectance
元数据已核对 kaist:scene09_reflectance
元数据已核对 kaist:scene10_reflectance
元数据已核对 kaist:scene11_reflectance
元数据已核对 kaist:scene12_reflectance
元数据已核对 kaist:scene13_reflectance
元数据已核对 kaist:scene14_reflectance
元数据已核对 kaist:scene15_reflectance
元数据已核对 kaist:scene16_reflectance
元数据已核对 kaist:scene17_reflectance
元数据已核对 kaist:scene18_reflectance
元数据已核对 kaist:scene19_reflectance
元数据已核对 kaist:scene20_reflectance
元数据已核对 kaist:scene21_reflectance
元数据已核对 kaist:scene22_reflectance
元数据已核对 kaist:scene23_reflectance
元数据已核对 kaist:scene24_reflectance
元数据已核对 kaist:scene25_reflectance
元数据已核对 kaist:scene26_reflectance
元数据已核对 kaist:scene27_reflectance
元数据已核对 kaist:scene28_reflectance
元数据已核对 kaist:scene29_reflectance
元数据已核对 kaist:scene30_reflectance
元数据已核对 icvl:4cam_0411-1640-1
元数据已核对 icvl:4cam_0411-1648
元数据已核对 icvl:BGU_0403-1419-1
元数据已核对 icvl:bgu_0403-1439
元数据已核对 icvl:bgu_0403-1444
元数据已核对 icvl:bgu_0403-1459
元数据已核对 icvl:bgu_0403-1511
元数据已核对 icvl:bgu_0403-1523
元数据已核对 icvl:bgu_0403-1525
元数据已核对 icvl:BGU_0522-1113-1
元数据已核对 icvl:BGU_0522-1127
元数据已核对 icvl:BGU_0522-1136
元数据已核对 icvl:BGU_0522-1201
元数据已核对 icvl:BGU_0522-1203
元数据已核对 icvl:BGU_0522-1211
元数据已核对 icvl:BGU_0522-1216
元数据已核对 icvl:BGU_0522-1217
元数据已核对 icvl:bguCAMP_0514-1659
元数据已核对 icvl:bguCAMP_0514-1711
元数据已核对 icvl:bguCAMP_0514-1712
元数据已核对 icvl:bguCAMP_0514-1718
元数据已核对 icvl:bguCAMP_0514-1723
元数据已核对 icvl:bguCAMP_0514-1724
元数据已核对 icvl:bulb_0822-0903
元数据已核对 icvl:bulb_0822-0909
元数据已核对 icvl:CC_40D_2_1103-0917
元数据已核对 icvl:eve_0331-1549
元数据已核对 icvl:eve_0331-1551
元数据已核对 icvl:eve_0331-1601
元数据已核对 icvl:eve_0331-1602
元数据已核对 icvl:eve_0331-1606
元数据已核对 icvl:eve_0331-1618
元数据已核对 icvl:eve_0331-1632
元数据已核对 icvl:eve_0331-1633
元数据已核对 icvl:eve_0331-1646
元数据已核对 icvl:eve_0331-1647
元数据已核对 icvl:eve_0331-1656
元数据已核对 icvl:eve_0331-1657
元数据已核对 icvl:eve_0331-1702
元数据已核对 icvl:eve_0331-1705
元数据已核对 icvl:Flower_0325-1336
元数据已核对 icvl:gavyam_0823-0930
元数据已核对 icvl:gavyam_0823-0933
元数据已核对 icvl:gavyam_0823-0944
元数据已核对 icvl:gavyam_0823-0945
元数据已核对 icvl:gavyam_0823-0950-1
元数据已核对 icvl:grf_0328-0949
元数据已核对 icvl:hill_0325-1219
元数据已核对 icvl:hill_0325-1228
元数据已核对 icvl:hill_0325-1235
元数据已核对 icvl:hill_0325-1242
元数据已核对 icvl:IDS_COLORCHECK_1020-1215-1
元数据已核对 icvl:IDS_COLORCHECK_1020-1223
元数据已核对 icvl:Labtest_0910-1502
元数据已核对 icvl:Labtest_0910-1504
元数据已核对 icvl:Labtest_0910-1506
元数据已核对 icvl:Labtest_0910-1509
元数据已核对 icvl:Labtest_0910-1510
元数据已核对 icvl:Labtest_0910-1511
元数据已核对 icvl:Labtest_0910-1513
元数据已核对 icvl:lehavim_0910-1600
元数据已核对 icvl:lehavim_0910-1602
元数据已核对 icvl:lehavim_0910-1605
元数据已核对 icvl:lehavim_0910-1607
元数据已核对 icvl:lehavim_0910-1610
元数据已核对 icvl:Lehavim_0910-1622
元数据已核对 icvl:Lehavim_0910-1626
元数据已核对 icvl:Lehavim_0910-1627
元数据已核对 icvl:Lehavim_0910-1629
元数据已核对 icvl:Lehavim_0910-1630
元数据已核对 icvl:Lehavim_0910-1633
元数据已核对 icvl:Lehavim_0910-1635
元数据已核对 icvl:Lehavim_0910-1636
元数据已核对 icvl:Lehavim_0910-1640
元数据已核对 icvl:Lehavim_0910-1708
元数据已核对 icvl:Lehavim_0910-1716
元数据已核对 icvl:Lehavim_0910-1717
元数据已核对 icvl:Lehavim_0910-1718
元数据已核对 icvl:Lehavim_0910-1725
元数据已核对 icvl:lst_0408-0950
元数据已核对 icvl:lst_0408-1004
元数据已核对 icvl:lst_0408-1012
元数据已核对 icvl:Master20150112_f2_colorchecker
元数据已核对 icvl:Master2900k
元数据已核对 icvl:Master5000K
元数据已核对 icvl:Master5000K_2900K
元数据已核对 icvl:Maz0326-1038
元数据已核对 icvl:maz_0326-1048
元数据已核对 icvl:mor_0328-1209-2
元数据已核对 icvl:nachal_0823-1038
元数据已核对 icvl:nachal_0823-1040
元数据已核对 icvl:nachal_0823-1047
元数据已核对 icvl:nachal_0823-1110
元数据已核对 icvl:nachal_0823-1117
元数据已核对 icvl:nachal_0823-1118
元数据已核对 icvl:nachal_0823-1121
元数据已核对 icvl:nachal_0823-1127
元数据已核对 icvl:nachal_0823-1132
元数据已核对 icvl:nachal_0823-1144
元数据已核对 icvl:nachal_0823-1145
元数据已核对 icvl:nachal_0823-1147
元数据已核对 icvl:nachal_0823-1149
元数据已核对 icvl:nachal_0823-1152
元数据已核对 icvl:nachal_0823-1210-4
元数据已核对 icvl:nachal_0823-1213
元数据已核对 icvl:nachal_0823-1214
元数据已核对 icvl:nachal_0823-1217
元数据已核对 icvl:nachal_0823-1220
元数据已核对 icvl:nachal_0823-1222
元数据已核对 icvl:nachal_0823-1223
元数据已核对 icvl:negev_0823-1003
元数据已核对 icvl:negev_0823-1005
元数据已核对 icvl:objects_0924-1550
元数据已核对 icvl:objects_0924-1556
元数据已核对 icvl:objects_0924-1557
元数据已核对 icvl:objects_0924-1558
元数据已核对 icvl:objects_0924-1600
元数据已核对 icvl:objects_0924-1601
元数据已核对 icvl:objects_0924-1602
元数据已核对 icvl:objects_0924-1605
元数据已核对 icvl:objects_0924-1607
元数据已核对 icvl:objects_0924-1608
元数据已核对 icvl:objects_0924-1610
元数据已核对 icvl:objects_0924-1611
元数据已核对 icvl:objects_0924-1612
元数据已核对 icvl:objects_0924-1614
元数据已核对 icvl:objects_0924-1617
元数据已核对 icvl:objects_0924-1619
元数据已核对 icvl:objects_0924-1620
元数据已核对 icvl:objects_0924-1622
元数据已核对 icvl:objects_0924-1623
元数据已核对 icvl:objects_0924-1624
元数据已核对 icvl:objects_0924-1625
元数据已核对 icvl:objects_0924-1627
元数据已核对 icvl:objects_0924-1628
元数据已核对 icvl:objects_0924-1629
元数据已核对 icvl:objects_0924-1631
元数据已核对 icvl:objects_0924-1632
元数据已核对 icvl:objects_0924-1633
元数据已核对 icvl:objects_0924-1634
元数据已核对 icvl:objects_0924-1636
元数据已核对 icvl:objects_0924-1637
元数据已核对 icvl:objects_0924-1638
元数据已核对 icvl:objects_0924-1639
元数据已核对 icvl:objects_0924-1641
元数据已核对 icvl:objects_0924-1645
