元数据已核对 harvard:CZ_hsdbi:img3
元数据已核对 harvard:CZ_hsdbi:img4
元数据已核对 harvard:CZ_hsdbi:img5
元数据已核对 harvard:CZ_hsdbi:img6
元数据已核对 harvard:CZ_hsdbi:imga3
元数据已核对 harvard:CZ_hsdbi:imga4
元数据已核对 harvard:CZ_hsdbi:imga8
元数据已核对 harvard:CZ_hsdbi:imgc3
元数据已核对 harvard:CZ_hsdbi:imgc6
元数据已核对 harvard:CZ_hsdbi:imgd0
元数据已核对 harvard:CZ_hsdbi:imgd1
元数据已核对 harvard:CZ_hsdbi:imgd5
元数据已核对 harvard:CZ_hsdbi:imgd6
元数据已核对 harvard:CZ_hsdbi:imgg0
元数据已核对 harvard:CZ_hsdbi:imgg1
元数据已核对 harvard:CZ_hsdbi:imgg2
元数据已核对 harvard:CZ_hsdbi:imgg3
元数据已核对 harvard:CZ_hsdbi:imgg4
元数据已核对 harvard:CZ_hsdbi:imgg5
元数据已核对 harvard:CZ_hsdbi:imgg6
元数据已核对 harvard:CZ_hsdbi:imgg7
元数据已核对 harvard:CZ_hsdbi:imgg8
元数据已核对 harvard:CZ_hsdbi:imgg9
元数据已核对 harvard:CZ_hsdbi:imgh4
元数据已核对 harvard:CZ_hsdbi:imgh5
元数据已核对 harvard:CZ_hsdbi:imgh6
元数据已核对 harvard:CZ_hsdbi:imgh7
元数据已核对 kaist:scene01_reflectance
元数据已核对 kaist:scene02_reflectance
元数据已核对 kaist:scene03_reflectance
元数据已核对 kaist:scene04_reflectance
元数据已核对 kaist:scene05_reflectance
元数据已核对 kaist:scene06_reflectance
元数据已核对 kaist:scene07_reflectance
元数据已核对 kaist:scene08_reflectance
元数据已核对 kaist:scene09_reflectance
元数据已核对 kaist:scene10_reflectance
元数据已核对 icvl:4cam_0411-1640-1
元数据已核对 icvl:4cam_0411-1648
元数据已核对 icvl:BGU_0403-1419-1
元数据已核对 icvl:bgu_0403-1439
元数据已核对 icvl:bgu_0403-1444
元数据已核对 icvl:bgu_0403-1459
元数据已核对 icvl:bgu_0403-1511
元数据已核对 icvl:bgu_0403-1523
元数据已核对 icvl:bgu_0403-1525
元数据已核对 icvl:BGU_0522-1113-1
元数据已核对 icvl:BGU_0522-1127
元数据已核对 icvl:BGU_0522-1136
元数据已核对 icvl:BGU_0522-1201
元数据已核对 icvl:BGU_0522-1203
元数据已核对 icvl:BGU_0522-1211
元数据已核对 icvl:BGU_0522-1216
元数据已核对 icvl:BGU_0522-1217
