2026-10-01 23:06:27 [INFO] 项目根：D:\PyCharmProjects\Jeon2019\outputs\jeon2019_optics
2026-10-01 23:06:27 [INFO] 配置文件：D:\PyCharmProjects\Jeon2019\outputs\jeon2019_optics\config_stage02b.json
2026-10-01 23:06:27 [INFO] 绘图后端：Agg；未请求显示
2026-10-01 23:06:27 [INFO] 最终设置：show_plots=False，save_results=True
2026-10-01 23:06:27 [INFO] 运行目录：D:\PyCharmProjects\Jeon2019\outputs\审核_阶段02B-1_20261001\partial_height_8d28bca3
2026-10-01 23:06:27 [INFO] ================================================================================
2026-10-01 23:06:27 [INFO] 阶段 02B-1 开始：Jeon光学编码复现：02B-1九波长对照
2026-10-01 23:06:27 [INFO] D=1 mm，f=z=50 mm，N=3，设计范围 [420, 660] nm，传统设计 λ0=550 nm
2026-10-01 23:06:27 [INFO] 入射波长：[420, 450, 480, 510, 540, 570, 600, 630, 660] nm
2026-10-01 23:06:27 [INFO] 输入网格 (1101, 1101) dx=1 μm 半宽=550 μm；输出网格 (301, 301) dx=1 μm 半宽=150 μm
2026-10-01 23:06:27 [INFO] 全局相位 include_global_phase=True；执行模式 only=height；保存=True
2026-10-01 23:06:27 [INFO] 采样诊断（420 nm）：输入核步进 worst=0.2096 rad；输出表示步进 x=0.0450 rad；三阶近轴误差=0.014365 rad
2026-10-01 23:06:27 [INFO] 采样诊断（660 nm）：输入核步进 worst=0.1334 rad；输出表示步进 x=0.0287 rad；三阶近轴误差=0.009141 rad
2026-10-01 23:06:27 [INFO] --- [H] 固定高度设计（只生成一次，孔径外 mask=0） ---
2026-10-01 23:06:27 [INFO] [H] 完成（0.212 s）：Jeon 指纹 8527724f6aeffc03，传统 指纹 c91e609e89d027ad
2026-10-01 23:06:27 [INFO] [H] jeon     孔径离散面积=7.853490e-07 m²（理想 7.853982e-07，相对差 6.260e-05，阈值 0.01）
2026-10-01 23:06:27 [INFO] [H] fresnel  孔径离散面积=7.853490e-07 m²（理想 7.853982e-07，相对差 6.260e-05，阈值 0.01）
2026-10-01 23:06:27 [INFO] [H] jeon     局部聚焦相位恒等最大相量误差=8.330e-15（阈值 1e-10）
2026-10-01 23:06:27 [INFO] [H] fresnel  局部聚焦相位恒等最大相量误差=9.797e-16（阈值 1e-10）
2026-10-01 23:06:27 [INFO] [H] jeon     Δh∈[-1.44611e-06, 0] m（应位于 [-λd/(n-1), 0]）；设计 λ∈[420.0, 660.0] nm；原点 Δh=0 m
2026-10-01 23:06:27 [INFO] [H] fresnel  Δh∈[-1.19587e-06, 0] m（应位于 [-λd/(n-1), 0]）；设计 λ∈[550.0, 550.0] nm；原点 Δh=0 m
2026-10-01 23:06:28 [INFO] ================================================================================
2026-10-01 23:06:28 [INFO] 阶段 02B-1 结束：状态=completed，全部必需检查通过=True，耗时 1.07 s

Traceback (most recent call last):
  File "D:\PyCharmProjects\Jeon2019\outputs\jeon2019_optics\main_stage02b.py", line 1592, in <module>
    raise SystemExit(main())
  File "D:\PyCharmProjects\Jeon2019\outputs\jeon2019_optics\main_stage02b.py", line 1574, in main
    report = build_report(cfg, env, result, run_dir)
  File "D:\PyCharmProjects\Jeon2019\outputs\jeon2019_optics\main_stage02b.py", line 1358, in build_report
    u = metrics["unwrap"][band]
KeyError: 'unwrap'
